// Jest Snapshot v1, https://goo.gl/fbAQLP

exports[`login/components/connectivityPane matches snapshot 1`] = `
<Fragment>
  <CustomizedComboBox
    allowFreeform={true}
    ariaLabel="connectivityPane.connectionStringComboBox.ariaLabel"
    autoComplete="on"
    buttonIconProps={
      Object {
        "iconName": "ChevronDown",
      }
    }
    className="connection-string-dropDown"
    errorMessage="connectivityPane.connectionStringComboBox.errorMessages.required"
    label="connectivityPane.connectionStringComboBox.label"
    onChange={[Function]}
    onRenderOption={[Function]}
    options={Array []}
    selectedKey=""
    text="connectivityPane.connectionStringComboBox.prompt"
    useComboBoxAsMenuWidth={true}
  />
  <input
    aria-hidden={true}
    className="hidden"
    readOnly={true}
    tabIndex={-1}
    value=""
  />
</Fragment>
`;
